
============================================================
[15:01:11] Lancement de setup.sh dans Ubuntu-24.04
============================================================

[15:01:11] Le dossier est dans Windows. Copie automatique vers /home/ormt/ormt-app/ormt-stage-wsl

[15:01:12] Préparation des permissions des scripts

[15:01:12] Création automatique du fichier .env

[15:01:12] Vérification des droits sudo

============================================================
ACTION REQUISE
Saisis maintenant le mot de passe Linux de ormt.
Aucun caractère ne s’affichera pendant la saisie : c’est normal.
Appuie ensuite sur Entrée.
============================================================


[15:01:16] Installation et configuration ORMT Stage
/home/ormt/ormt-app/ormt-stage-wsl/.env: line 4: $'\r': command not found

ERREUR: Installation et configuration ORMT Stage a echoue (code 127).

============================================================
ÉCHEC DE L’INSTALLATION
Etape          : Installation et configuration ORMT Stage
Commande       : return "$status"
Ligne          : 147
Code erreur    : 127
Relance setup.bat : les étapes déjà terminées seront réutilisées.
============================================================
ERREUR: setup.sh a echoue dans WSL. Regarde le message d'erreur ci-dessus.
